
> frontend@0.0.0 build
> vite build

[36mvite v8.0.8 [32mbuilding client environment for production...[36m[39m
[2K
transforming...Γ£ô 2122 modules transformed.
node.exe : [31mΓ£ù[39m Build failed in 455ms
At line:1 char:1
+ & "C:\Program Files\nodejs/node.exe" "C:\Program Files\nodejs/node_mo ...
+ ~~~~~~~~~~~~~~~~~~~~~~~~~~~~~~~~~~~~~~~~~~~~~~~~~~~~~~~~~~~~~~~~~~~~~
    + CategoryInfo          : NotSpecified: ([31mΓ£ù[39m Build failed in 455ms:String) [], RemoteException
    + FullyQualifiedErrorId : NativeCommandError
 
[31merror during build:
[31mBuild failed with 3 errors:

[31m[builtin:vite-transform] Error:[0m Expected `,` or `)` but found `:`
    [38;5;246mΓò¡[0m[38;5;246mΓöÇ[0m[38;5;246m[[0m src/components/landing/StatsSection.jsx:37:43 [38;5;246m][0m
    [38;5;246mΓöé[0m
 [38;5;246m37 Γöé[0m [38;5;249mf[0m[38;5;249mu[0m[38;5;249mn[0m[38;5;249mc[0m[38;5;249mt[0m[38;5;249mi[0m
[38;5;249mo[0m[38;5;249mn[0m[38;5;249m [0m[38;5;249mS[0m[38;5;249mt[0m[38;5;249ma[0m[38;5;249mt[0m[38;5;
249mI[0m[38;5;249mt[0m[38;5;249me[0m[38;5;249mm[0m([38;5;249m{[0m[38;5;249m 
[0m[38;5;249ms[0m[38;5;249mt[0m[38;5;249ma[0m[38;5;249mt[0m[38;5;249m,[0m[38;5;249m 
[0m[38;5;249md[0m[38;5;249me[0m[38;5;249ml[0m[38;5;249ma[0m[38;5;249my[0m[38;5;249m,[0m[38;5;249m [0m[3
8;5;249mv[0m[38;5;249mi[0m[38;5;249ms[0m[38;5;249mi[0m[38;5;249mb[0m[38;5;249ml[0m[38;5;249me[0m[38;5;249
m [0m[38;5;249m}[0m:[38;5;249m [0m[38;5;249m{[0m[38;5;249m 
[0m[38;5;249ms[0m[38;5;249mt[0m[38;5;249ma[0m[38;5;249mt[0m[38;5;249m:[0m[38;5;249m 
[0m[38;5;249mt[0m[38;5;249my[0m[38;5;249mp[0m[38;5;249me[0m[38;5;249mo[0m[38;5;249mf[0m[38;5;249m [0m[3
8;5;249ms[0m[38;5;249mt[0m[38;5;249ma[0m[38;5;249mt[0m[38;5;249ms[0m[38;5;249m[[0m[38;5;249m0[0m[38;5;249
m][0m[38;5;249m;[0m[38;5;249m 
[0m[38;5;249md[0m[38;5;249me[0m[38;5;249ml[0m[38;5;249ma[0m[38;5;249my[0m[38;5;249m:[0m[38;5;249m [0m[3
8;5;249mn[0m[38;5;249mu[0m[38;5;249mm[0m[38;5;249mb[0m[38;5;249me[0m[38;5;249mr[0m[38;5;249m;[0m[38;5;249
m [0m[38;5;249mv[0m[38;5;249mi[0m[38;5;249ms[0m[38;5;249mi[0m[38;5;249mb[0m[38;5;249ml[0m[38;5;249me[0m
[38;5;249m:[0m[38;5;249m [0m[38;5;249mb[0m[38;5;249mo[0m[38;5;249mo[0m[38;5;249ml[0m[38;5;249me[0m[38;5;2
49ma[0m[38;5;249mn[0m[38;5;249m [0m[38;5;249m}[0m[38;5;249m)[0m[38;5;249m [0m[38;5;249m{[0m
 [38;5;240m   Γöé[0m                  Γö¼                        Γö¼  
 [38;5;240m   Γöé[0m                  
Γò░ΓöÇΓöÇΓöÇΓöÇΓöÇΓöÇΓöÇΓöÇΓöÇΓöÇΓöÇΓöÇΓöÇΓöÇΓöÇΓöÇΓöÇΓöÇΓöÇΓöÇΓöÇΓöÇΓöÇΓöÇΓöÇΓöÇΓöÇ Opened here
 [38;5;240m   Γöé[0m                                           Γöé  
 [38;5;240m   Γöé[0m                                           Γò░ΓöÇΓöÇ `,` or `)` expected
[38;5;246mΓöÇΓöÇΓöÇΓöÇΓò»[0m

[31m[UNLOADABLE_DEPENDENCY] Error:[0m Could not load src/lib/utils
   [38;5;246mΓò¡[0m[38;5;246mΓöÇ[0m[38;5;246m[[0m src/components/landing/FeaturesSection.jsx:2:20 
[38;5;246m][0m
   [38;5;246mΓöé[0m
 [38;5;246m2 Γöé[0m 
[38;5;249mi[0m[38;5;249mm[0m[38;5;249mp[0m[38;5;249mo[0m[38;5;249mr[0m[38;5;249mt[0m[38;5;249m 
[0m[38;5;249m{[0m[38;5;249m [0m[38;5;249mc[0m[38;5;249mn[0m[38;5;249m [0m[38;5;249m}[0m[38;5;249m 
[0m[38;5;249mf[0m[38;5;249mr[0m[38;5;249mo[0m[38;5;249mm[0m[38;5;249m [0m"@/lib/utils"[38;5;249m;[0m
 [38;5;240m  Γöé[0m                    ΓöÇΓöÇΓöÇΓöÇΓöÇΓöÇΓö¼ΓöÇΓöÇΓöÇΓöÇΓöÇΓöÇ  
 [38;5;240m  Γöé[0m                          Γò░ΓöÇΓöÇΓöÇΓöÇΓöÇΓöÇΓöÇΓöÇ The system cannot find the path specified. 
(os error 3)
[38;5;246mΓöÇΓöÇΓöÇΓò»[0m

[31m[UNLOADABLE_DEPENDENCY] Error:[0m Could not load src/hooks/use-scroll-reveal
   [38;5;246mΓò¡[0m[38;5;246mΓöÇ[0m[38;5;246m[[0m src/components/landing/FeaturesSection.jsx:1:33 
[38;5;246m][0m
   [38;5;246mΓöé[0m
 [38;5;246m1 Γöé[0m 
[38;5;249mi[0m[38;5;249mm[0m[38;5;249mp[0m[38;5;249mo[0m[38;5;249mr[0m[38;5;249mt[0m[38;5;249m 
[0m[38;5;249m{[0m[38;5;249m [0m[38;5;249mu[0m[38;5;249ms[0m[38;5;249me[0m[38;5;249mS[0m[38;5;249mc[0m[3
8;5;249mr[0m[38;5;249mo[0m[38;5;249ml[0m[38;5;249ml[0m[38;5;249mR[0m[38;5;249me[0m[38;5;249mv[0m[38;5;249
me[0m[38;5;249ma[0m[38;5;249ml[0m[38;5;249m [0m[38;5;249m}[0m[38;5;249m 
[0m[38;5;249mf[0m[38;5;249mr[0m[38;5;249mo[0m[38;5;249mm[0m[38;5;249m 
[0m"@/hooks/use-scroll-reveal"[38;5;249m;[0m
 [38;5;240m  Γöé[0m                                 
ΓöÇΓöÇΓöÇΓöÇΓöÇΓöÇΓöÇΓöÇΓöÇΓöÇΓöÇΓöÇΓöÇΓö¼ΓöÇΓöÇΓöÇΓöÇΓöÇΓöÇΓöÇΓöÇΓöÇΓöÇΓöÇΓöÇΓöÇ  
 [38;5;240m  Γöé[0m                                              Γò░ΓöÇΓöÇΓöÇΓöÇΓöÇΓöÇΓöÇΓöÇΓöÇΓöÇΓöÇΓöÇΓöÇΓöÇΓöÇ 
The system cannot find the file specified. (os error 2)
[38;5;246mΓöÇΓöÇΓöÇΓò»[0m
[31m
    at aggregateBindingErrorsIntoJsError (file:///C:/Users/venky/OneDrive/Desktop/New%20folder/frontend/node_modules/ro
lldown/dist/shared/error-w0u7biK-.mjs:48:18)
    at unwrapBindingResult (file:///C:/Users/venky/OneDrive/Desktop/New%20folder/frontend/node_modules/rolldown/dist/sh
ared/error-w0u7biK-.mjs:18:128)
    at #build (file:///C:/Users/venky/OneDrive/Desktop/New%20folder/frontend/node_modules/rolldown/dist/shared/rolldown
-build-DtGk-m96.mjs:3313:34)
    at async buildEnvironment 
(file:///C:/Users/venky/OneDrive/Desktop/New%20folder/frontend/node_modules/vite/dist/node/chunks/node.js:32954:64)
    at async Object.build 
(file:///C:/Users/venky/OneDrive/Desktop/New%20folder/frontend/node_modules/vite/dist/node/chunks/node.js:33376:19)
    at async Object.buildApp 
(file:///C:/Users/venky/OneDrive/Desktop/New%20folder/frontend/node_modules/vite/dist/node/chunks/node.js:33373:153)
    at async CAC.<anonymous> 
(file:///C:/Users/venky/OneDrive/Desktop/New%20folder/frontend/node_modules/vite/dist/node/cli.js:778:3) {
  errors: [Getter/Setter]
}[39m
